MemTotal:        7979320 kB
MemFree:          151032 kB
MemAvailable:    4678592 kB
Buffers:           48760 kB
Cached:          4500468 kB
SwapCached:        46912 kB
Active:          3542272 kB
Inactive:        3330832 kB
Active(anon):    1422468 kB
Inactive(anon):  1020536 kB
Active(file):    2119804 kB
Inactive(file):  2310296 kB
Unevictable:        1300 kB
Mlocked:            1300 kB
SwapTotal:       6885292 kB
SwapFree:        6531448 kB
Dirty:                52 kB
Writeback:             0 kB
AnonPages:       2299812 kB
Mapped:           322736 kB
Shmem:            117840 kB
Slab:             526828 kB
SReclaimable:     399188 kB
SUnreclaim:       127640 kB
KernelStack:       12576 kB
PageTables:       147724 kB
NFS_Unstable:          0 kB
Bounce:                0 kB
WritebackTmp:          0 kB
CommitLimit:    10874952 kB
Committed_AS:    7564848 kB
VmallocTotal:   34359738367 kB
VmallocUsed:           0 kB
VmallocChunk:          0 kB
DirectMap4k:       16828 kB
DirectMap2M:     1824768 kB
DirectMap1G:     8388608 kB